mode: atomic
github.com/umayangag/cric-info-scrapers/context-provider/main.go:41.13,48.16 4 0
github.com/umayangag/cric-info-scrapers/context-provider/main.go:48.16,50.3 1 0
github.com/umayangag/cric-info-scrapers/context-provider/main.go:54.2,54.65 1 0
github.com/umayangag/cric-info-scrapers/context-provider/main.go:54.65,56.3 1 0
github.com/umayangag/cric-info-scrapers/context-provider/main.go:56.8,56.52 1 0
github.com/umayangag/cric-info-scrapers/context-provider/main.go:56.52,58.3 1 0
github.com/umayangag/cric-info-scrapers/context-provider/main.go:58.8,60.3 1 0
github.com/umayangag/cric-info-scrapers/context-provider/main.go:61.2,68.21 5 0
github.com/umayangag/cric-info-scrapers/context-provider/main.go:68.21,71.52 3 0
github.com/umayangag/cric-info-scrapers/context-provider/main.go:71.52,73.12 2 0
github.com/umayangag/cric-info-scrapers/context-provider/main.go:75.3,75.22 1 0
github.com/umayangag/cric-info-scrapers/context-provider/main.go:77.2,77.55 1 0
github.com/umayangag/cric-info-scrapers/context-provider/main.go:77.55,79.3 1 0
github.com/umayangag/cric-info-scrapers/context-provider/main.go:82.34,88.20 4 0
github.com/umayangag/cric-info-scrapers/context-provider/main.go:89.20,100.4 1 0
github.com/umayangag/cric-info-scrapers/context-provider/main.go:101.35,103.9 1 0
github.com/umayangag/cric-info-scrapers/context-provider/main.go:104.20,124.4 1 0
github.com/umayangag/cric-info-scrapers/context-provider/main.go:125.20,126.40 1 0
github.com/umayangag/cric-info-scrapers/context-provider/main.go:127.24,136.4 1 0
github.com/umayangag/cric-info-scrapers/context-provider/main.go:137.24,138.44 1 0
github.com/umayangag/cric-info-scrapers/context-provider/main.go:139.14,140.33 1 0
github.com/umayangag/cric-info-scrapers/context-provider/main.go:141.10,143.20 1 0
github.com/umayangag/cric-info-scrapers/context-provider/main.go:143.20,145.4 1 0
github.com/umayangag/cric-info-scrapers/context-provider/main.go:146.3,146.76 1 0
github.com/umayangag/cric-info-scrapers/context-provider/main.go:149.2,149.19 1 0
github.com/umayangag/cric-info-scrapers/context-provider/main.go:149.19,157.17 3 0
github.com/umayangag/cric-info-scrapers/context-provider/main.go:157.17,160.4 2 0
github.com/umayangag/cric-info-scrapers/context-provider/main.go:161.3,161.28 1 0
github.com/umayangag/cric-info-scrapers/context-provider/main.go:165.70,170.54 2 0
github.com/umayangag/cric-info-scrapers/context-provider/main.go:170.54,172.3 1 0
github.com/umayangag/cric-info-scrapers/context-provider/main.go:174.2,174.19 1 0
github.com/umayangag/cric-info-scrapers/context-provider/main.go:175.23,177.17 2 0
github.com/umayangag/cric-info-scrapers/context-provider/main.go:177.17,179.4 1 0
github.com/umayangag/cric-info-scrapers/context-provider/main.go:180.3,193.9 2 0
github.com/umayangag/cric-info-scrapers/context-provider/main.go:194.21,195.41 1 0
github.com/umayangag/cric-info-scrapers/context-provider/main.go:195.41,197.4 1 0
github.com/umayangag/cric-info-scrapers/context-provider/main.go:200.3,205.46 2 0
github.com/umayangag/cric-info-scrapers/context-provider/main.go:205.46,207.4 1 0
github.com/umayangag/cric-info-scrapers/context-provider/main.go:209.3,213.9 1 0
github.com/umayangag/cric-info-scrapers/context-provider/main.go:214.10,215.65 1 0
github.com/umayangag/cric-info-scrapers/context-provider/main.go:219.74,223.54 2 0
github.com/umayangag/cric-info-scrapers/context-provider/main.go:223.54,225.3 1 0
github.com/umayangag/cric-info-scrapers/context-provider/main.go:227.2,227.37 1 0
github.com/umayangag/cric-info-scrapers/context-provider/main.go:227.37,228.41 1 0
github.com/umayangag/cric-info-scrapers/context-provider/main.go:228.41,230.4 1 0
github.com/umayangag/cric-info-scrapers/context-provider/main.go:232.3,233.17 2 0
github.com/umayangag/cric-info-scrapers/context-provider/main.go:233.17,238.4 1 0
github.com/umayangag/cric-info-scrapers/context-provider/main.go:239.3,247.9 1 0
github.com/umayangag/cric-info-scrapers/context-provider/main.go:249.2,249.64 1 0
github.com/umayangag/cric-info-scrapers/context-provider/main.go:252.32,253.24 1 0
github.com/umayangag/cric-info-scrapers/context-provider/main.go:253.24,255.17 2 0
github.com/umayangag/cric-info-scrapers/context-provider/main.go:255.17,257.4 1 0
github.com/umayangag/cric-info-scrapers/context-provider/main.go:258.3,258.20 1 0
github.com/umayangag/cric-info-scrapers/context-provider/main.go:260.2,260.12 1 0
github.com/umayangag/cric-info-scrapers/context-provider/indexer/parser_go.go:11.45,13.16 2 2
github.com/umayangag/cric-info-scrapers/context-provider/indexer/parser_go.go:13.16,15.3 1 0
github.com/umayangag/cric-info-scrapers/context-provider/indexer/parser_go.go:16.2,16.37 1 2
github.com/umayangag/cric-info-scrapers/context-provider/indexer/parser_go.go:16.37,18.3 1 0
github.com/umayangag/cric-info-scrapers/context-provider/indexer/parser_go.go:20.2,22.16 3 2
github.com/umayangag/cric-info-scrapers/context-provider/indexer/parser_go.go:22.16,24.3 1 1
github.com/umayangag/cric-info-scrapers/context-provider/indexer/parser_go.go:26.2,28.34 2 1
github.com/umayangag/cric-info-scrapers/context-provider/indexer/parser_go.go:28.34,29.27 1 3
github.com/umayangag/cric-info-scrapers/context-provider/indexer/parser_go.go:30.22,36.21 2 2
github.com/umayangag/cric-info-scrapers/context-provider/indexer/parser_go.go:36.21,38.5 1 1
github.com/umayangag/cric-info-scrapers/context-provider/indexer/parser_go.go:39.4,39.20 1 2
github.com/umayangag/cric-info-scrapers/context-provider/indexer/parser_go.go:39.20,41.5 1 1
github.com/umayangag/cric-info-scrapers/context-provider/indexer/parser_go.go:42.4,42.34 1 2
github.com/umayangag/cric-info-scrapers/context-provider/indexer/parser_go.go:43.21,44.27 1 1
github.com/umayangag/cric-info-scrapers/context-provider/indexer/parser_go.go:44.27,45.34 1 1
github.com/umayangag/cric-info-scrapers/context-provider/indexer/parser_go.go:45.34,46.44 1 1
github.com/umayangag/cric-info-scrapers/context-provider/indexer/parser_go.go:46.44,52.24 2 1
github.com/umayangag/cric-info-scrapers/context-provider/indexer/parser_go.go:52.24,54.8 1 0
github.com/umayangag/cric-info-scrapers/context-provider/indexer/parser_go.go:55.7,55.37 1 1
github.com/umayangag/cric-info-scrapers/context-provider/indexer/parser_go.go:61.2,61.21 1 1
github.com/umayangag/cric-info-scrapers/context-provider/indexer/parser_py.go:15.45,17.16 2 5
github.com/umayangag/cric-info-scrapers/context-provider/indexer/parser_py.go:17.16,19.3 1 0
github.com/umayangag/cric-info-scrapers/context-provider/indexer/parser_py.go:20.2,20.37 1 5
github.com/umayangag/cric-info-scrapers/context-provider/indexer/parser_py.go:20.37,22.3 1 1
github.com/umayangag/cric-info-scrapers/context-provider/indexer/parser_py.go:24.2,31.34 7 4
github.com/umayangag/cric-info-scrapers/context-provider/indexer/parser_py.go:31.34,33.3 1 1
github.com/umayangag/cric-info-scrapers/context-provider/indexer/parser_py.go:35.2,36.62 2 3
github.com/umayangag/cric-info-scrapers/context-provider/indexer/parser_py.go:36.62,38.3 1 0
github.com/umayangag/cric-info-scrapers/context-provider/indexer/parser_py.go:40.2,40.21 1 3
github.com/umayangag/cric-info-scrapers/context-provider/indexer/walker.go:40.52,41.11 1 2
github.com/umayangag/cric-info-scrapers/context-provider/indexer/walker.go:41.11,44.3 2 0
github.com/umayangag/cric-info-scrapers/context-provider/indexer/walker.go:45.2,46.28 2 2
github.com/umayangag/cric-info-scrapers/context-provider/indexer/walker.go:47.13,48.14 1 1
github.com/umayangag/cric-info-scrapers/context-provider/indexer/walker.go:49.13,50.14 1 1
github.com/umayangag/cric-info-scrapers/context-provider/indexer/walker.go:54.56,61.16 3 1
github.com/umayangag/cric-info-scrapers/context-provider/indexer/walker.go:61.16,63.3 1 0
github.com/umayangag/cric-info-scrapers/context-provider/indexer/walker.go:64.2,65.17 2 1
github.com/umayangag/cric-info-scrapers/context-provider/indexer/walker.go:68.74,70.16 2 1
github.com/umayangag/cric-info-scrapers/context-provider/indexer/walker.go:70.16,72.3 1 0
github.com/umayangag/cric-info-scrapers/context-provider/indexer/walker.go:74.2,76.32 2 1
github.com/umayangag/cric-info-scrapers/context-provider/indexer/walker.go:76.32,78.24 2 2
github.com/umayangag/cric-info-scrapers/context-provider/indexer/walker.go:78.24,79.12 1 0
github.com/umayangag/cric-info-scrapers/context-provider/indexer/walker.go:82.3,84.17 3 2
github.com/umayangag/cric-info-scrapers/context-provider/indexer/walker.go:84.17,86.4 1 0
github.com/umayangag/cric-info-scrapers/context-provider/indexer/walker.go:88.3,93.20 2 2
github.com/umayangag/cric-info-scrapers/context-provider/indexer/walker.go:93.20,94.40 1 0
github.com/umayangag/cric-info-scrapers/context-provider/indexer/walker.go:94.40,95.13 1 0
github.com/umayangag/cric-info-scrapers/context-provider/indexer/walker.go:97.4,100.18 4 0
github.com/umayangag/cric-info-scrapers/context-provider/indexer/walker.go:100.18,102.5 1 0
github.com/umayangag/cric-info-scrapers/context-provider/indexer/walker.go:103.4,105.31 2 0
github.com/umayangag/cric-info-scrapers/context-provider/indexer/walker.go:106.9,111.30 3 2
github.com/umayangag/cric-info-scrapers/context-provider/indexer/walker.go:112.15,114.19 2 1
github.com/umayangag/cric-info-scrapers/context-provider/indexer/walker.go:114.19,116.6 1 1
github.com/umayangag/cric-info-scrapers/context-provider/indexer/walker.go:116.11,118.6 1 0
github.com/umayangag/cric-info-scrapers/context-provider/indexer/walker.go:119.15,121.19 2 1
github.com/umayangag/cric-info-scrapers/context-provider/indexer/walker.go:121.19,123.6 1 1
github.com/umayangag/cric-info-scrapers/context-provider/indexer/walker.go:123.11,125.6 1 0
github.com/umayangag/cric-info-scrapers/context-provider/indexer/walker.go:129.4,129.67 1 2
github.com/umayangag/cric-info-scrapers/context-provider/indexer/walker.go:129.67,131.19 2 0
github.com/umayangag/cric-info-scrapers/context-provider/indexer/walker.go:131.19,133.39 1 0
github.com/umayangag/cric-info-scrapers/context-provider/indexer/walker.go:133.39,135.7 1 0
github.com/umayangag/cric-info-scrapers/context-provider/indexer/walker.go:135.12,137.7 1 0
github.com/umayangag/cric-info-scrapers/context-provider/indexer/walker.go:140.4,140.31 1 2
github.com/umayangag/cric-info-scrapers/context-provider/indexer/walker.go:143.2,143.19 1 1
github.com/umayangag/cric-info-scrapers/context-provider/indexer/walker.go:146.42,148.49 2 2
github.com/umayangag/cric-info-scrapers/context-provider/indexer/walker.go:148.49,150.3 1 0
github.com/umayangag/cric-info-scrapers/context-provider/indexer/walker.go:151.2,151.14 1 2
